// Jest Snapshot v1, https://goo.gl/fbAQLP

exports[`Loader component renders Loader 1`] = `""`;
