// Jest Snapshot v1, https://goo.gl/fbAQLP

exports[`Response component renders Response 1`] = `
<div
  className="Response"
>
  <ResHeaders />
  <ResResponse />
</div>
`;
